2025-05-13 06:08:34,487 - INFO - sent startApi
2025-05-13 06:08:34,487 - INFO - REQUEST startApi {}
2025-05-13 06:08:34,487 - INFO - SENDING startApi b'\x00\x00\x00\x0b71\x002\x009999\x00\x00'
2025-05-13 06:08:34,488 - INFO - ANSWER connectAck {}
2025-05-13 06:08:34,511 - INFO - ANSWER openOrderEnd {}
2025-05-13 06:08:34,516 - INFO - Conectado a IBKR. Next Order ID: 1
2025-05-13 06:08:34,516 - INFO - REQUEST reqAccountUpdates {'subscribe': True, 'acctCode': ''}
2025-05-13 06:08:34,516 - INFO - SENDING reqAccountUpdates b'\x00\x00\x00\x076\x002\x001\x00\x00'
2025-05-13 06:08:34,516 - INFO - Actualizando universo...
2025-05-13 06:08:34,517 - INFO - REQUEST reqScannerSubscription {'reqId': 1, 'subscription': 5652774304: Instrument: STK, LocationCode: STK.US.NASDAQ, ScanCode: HOT_BY_VOLUME, 'scannerSubscriptionOptions': [], 'scannerSubscriptionFilterOptions': []}
2025-05-13 06:08:34,517 - INFO - SENDING reqScannerSubscription b'\x00\x00\x00M22\x001\x00-1\x00STK\x00STK.US.NASDAQ\x00HOT_BY_VOLUME\x0010\x00500\x00\x002000000000.0\x00\x00\x00\x00\x00\x00\x00\x00\x00\x000\x00\x00\x00\x00\x00\x00'
2025-05-13 06:08:34,519 - INFO - ANSWER managedAccounts {'accountsList': 'DUA998722'}
2025-05-13 06:08:34,520 - ERROR - IBKR Error 2158: La conexión de la granja de datos "sec-def" funciona correctamente:secdefeu
2025-05-13 06:08:34,534 - INFO - ANSWER updateAccountValue {'key': 'AccountCode', 'val': 'DUA998722', 'currency': '', 'accountName': 'DUA998722'}
2025-05-13 06:08:34,536 - INFO - ANSWER updateAccountValue {'key': 'AccountOrGroup', 'val': 'DUA998722', 'currency': 'BASE', 'accountName': 'DUA998722'}
2025-05-13 06:08:34,536 - INFO - ANSWER updateAccountValue {'key': 'AccountOrGroup', 'val': 'DUA998722', 'currency': 'EUR', 'accountName': 'DUA998722'}
2025-05-13 06:08:34,536 - INFO - ANSWER updateAccountValue {'key': 'AccountOrGroup', 'val': 'DUA998722', 'currency': 'USD', 'accountName': 'DUA998722'}
2025-05-13 06:08:34,536 - INFO - ANSWER updateAccountValue {'key': 'AccountReady', 'val': 'true', 'currency': '', 'accountName': 'DUA998722'}
2025-05-13 06:08:34,536 - INFO - ANSWER updateAccountValue {'key': 'AccountType', 'val': 'INDIVIDUAL', 'currency': '', 'accountName': 'DUA998722'}
2025-05-13 06:08:34,536 - INFO - ANSWER updateAccountValue {'key': 'AccruedCash', 'val': '494.21', 'currency': 'BASE', 'accountName': 'DUA998722'}
2025-05-13 06:08:34,538 - INFO - ANSWER updateAccountValue {'key': 'AccruedCash', 'val': '494.21', 'currency': 'EUR', 'accountName': 'DUA998722'}
2025-05-13 06:08:34,538 - INFO - ANSWER updateAccountValue {'key': 'AccruedCash', 'val': '0.00', 'currency': 'USD', 'accountName': 'DUA998722'}
2025-05-13 06:08:34,538 - INFO - ANSWER updateAccountValue {'key': 'AccruedCash-P', 'val': '0.00', 'currency': 'EUR', 'accountName': 'DUA998722'}
2025-05-13 06:08:34,538 - INFO - ANSWER updateAccountValue {'key': 'AccruedDividend', 'val': '0.00', 'currency': 'EUR', 'accountName': 'DUA998722'}
2025-05-13 06:08:34,539 - INFO - ANSWER updateAccountValue {'key': 'AccruedDividend-P', 'val': '0.00', 'currency': 'EUR', 'accountName': 'DUA998722'}
2025-05-13 06:08:34,539 - INFO - ANSWER updateAccountValue {'key': 'AvailableFunds', 'val': '1008870.34', 'currency': 'EUR', 'accountName': 'DUA998722'}
2025-05-13 06:08:34,539 - INFO - ANSWER updateAccountValue {'key': 'AvailableFunds-P', 'val': '0.00', 'currency': 'EUR', 'accountName': 'DUA998722'}
2025-05-13 06:08:34,539 - INFO - ANSWER updateAccountValue {'key': 'Billable', 'val': '0.00', 'currency': 'EUR', 'accountName': 'DUA998722'}
2025-05-13 06:08:34,539 - INFO - ANSWER updateAccountValue {'key': 'Billable-P', 'val': '0.00', 'currency': 'EUR', 'accountName': 'DUA998722'}
2025-05-13 06:08:34,539 - INFO - ANSWER updateAccountValue {'key': 'BuyingPower', 'val': '6725802.25', 'currency': 'EUR', 'accountName': 'DUA998722'}
2025-05-13 06:08:34,539 - INFO - ANSWER updateAccountValue {'key': 'CashBalance', 'val': '1006282.651', 'currency': 'BASE', 'accountName': 'DUA998722'}
2025-05-13 06:08:34,540 - INFO - ANSWER updateAccountValue {'key': 'CashBalance', 'val': '1012837.57', 'currency': 'EUR', 'accountName': 'DUA998722'}
2025-05-13 06:08:34,540 - INFO - ANSWER updateAccountValue {'key': 'CashBalance', 'val': '-7286.71', 'currency': 'USD', 'accountName': 'DUA998722'}
2025-05-13 06:08:34,555 - INFO - ANSWER updateAccountValue {'key': 'ColumnPrio-P', 'val': '5', 'currency': '', 'accountName': 'DUA998722'}
2025-05-13 06:08:34,555 - INFO - ANSWER updateAccountValue {'key': 'ColumnPrio-S', 'val': '1', 'currency': '', 'accountName': 'DUA998722'}
2025-05-13 06:08:34,555 - INFO - ANSWER updateAccountValue {'key': 'CorporateBondValue', 'val': '0.00', 'currency': 'BASE', 'accountName': 'DUA998722'}
2025-05-13 06:08:34,555 - INFO - ANSWER updateAccountValue {'key': 'CorporateBondValue', 'val': '0.00', 'currency': 'EUR', 'accountName': 'DUA998722'}
2025-05-13 06:08:34,556 - INFO - ANSWER updateAccountValue {'key': 'CorporateBondValue', 'val': '0.00', 'currency': 'USD', 'accountName': 'DUA998722'}
2025-05-13 06:08:34,556 - INFO - ANSWER updateAccountValue {'key': 'Cryptocurrency', 'val': '0.00', 'currency': 'BASE', 'accountName': 'DUA998722'}
2025-05-13 06:08:34,557 - INFO - ANSWER updateAccountValue {'key': 'Cryptocurrency', 'val': '0.00', 'currency': 'EUR', 'accountName': 'DUA998722'}
2025-05-13 06:08:34,557 - INFO - ANSWER updateAccountValue {'key': 'Cryptocurrency', 'val': '0.00', 'currency': 'USD', 'accountName': 'DUA998722'}
2025-05-13 06:08:34,557 - INFO - ANSWER updateAccountValue {'key': 'Currency', 'val': 'BASE', 'currency': 'BASE', 'accountName': 'DUA998722'}
2025-05-13 06:08:34,560 - INFO - ANSWER updateAccountValue {'key': 'Currency', 'val': 'EUR', 'currency': 'EUR', 'accountName': 'DUA998722'}
2025-05-13 06:08:34,560 - INFO - ANSWER updateAccountValue {'key': 'Currency', 'val': 'USD', 'currency': 'USD', 'accountName': 'DUA998722'}
2025-05-13 06:08:34,561 - INFO - ANSWER updateAccountValue {'key': 'Cushion', 'val': '0.998384', 'currency': '', 'accountName': 'DUA998722'}
2025-05-13 06:08:34,561 - INFO - ANSWER updateAccountValue {'key': 'EquityWithLoanValue', 'val': '1010648.99', 'currency': 'EUR', 'accountName': 'DUA998722'}
2025-05-13 06:08:34,561 - INFO - ANSWER updateAccountValue {'key': 'EquityWithLoanValue-P', 'val': '0.00', 'currency': 'EUR', 'accountName': 'DUA998722'}
2025-05-13 06:08:34,561 - INFO - ANSWER updateAccountValue {'key': 'ExcessLiquidity', 'val': '1009022.37', 'currency': 'EUR', 'accountName': 'DUA998722'}
2025-05-13 06:08:34,561 - INFO - ANSWER updateAccountValue {'key': 'ExcessLiquidity-P', 'val': '0.00', 'currency': 'EUR', 'accountName': 'DUA998722'}
2025-05-13 06:08:34,561 - INFO - ANSWER updateAccountValue {'key': 'ExchangeRate', 'val': '1.00', 'currency': 'BASE', 'accountName': 'DUA998722'}
2025-05-13 06:08:34,561 - INFO - ANSWER updateAccountValue {'key': 'ExchangeRate', 'val': '1.00', 'currency': 'EUR', 'accountName': 'DUA998722'}
2025-05-13 06:08:34,561 - INFO - ANSWER updateAccountValue {'key': 'ExchangeRate', 'val': '0.9003946', 'currency': 'USD', 'accountName': 'DUA998722'}
2025-05-13 06:08:34,561 - INFO - ANSWER updateAccountValue {'key': 'FullAvailableFunds', 'val': '1008870.34', 'currency': 'EUR', 'accountName': 'DUA998722'}
2025-05-13 06:08:34,562 - INFO - ANSWER updateAccountValue {'key': 'FullAvailableFunds-P', 'val': '0.00', 'currency': 'EUR', 'accountName': 'DUA998722'}
2025-05-13 06:08:34,562 - INFO - ANSWER updateAccountValue {'key': 'FullExcessLiquidity', 'val': '1009022.37', 'currency': 'EUR', 'accountName': 'DUA998722'}
2025-05-13 06:08:34,562 - INFO - ANSWER updateAccountValue {'key': 'FullExcessLiquidity-P', 'val': '0.00', 'currency': 'EUR', 'accountName': 'DUA998722'}
2025-05-13 06:08:34,562 - INFO - ANSWER updateAccountValue {'key': 'FullInitMarginReq', 'val': '1778.65', 'currency': 'EUR', 'accountName': 'DUA998722'}
2025-05-13 06:08:34,562 - INFO - ANSWER updateAccountValue {'key': 'FullInitMarginReq-P', 'val': '0.00', 'currency': 'EUR', 'accountName': 'DUA998722'}
2025-05-13 06:08:34,562 - INFO - ANSWER updateAccountValue {'key': 'FullMaintMarginReq', 'val': '1632.89', 'currency': 'EUR', 'accountName': 'DUA998722'}
2025-05-13 06:08:34,562 - INFO - ANSWER updateAccountValue {'key': 'FullMaintMarginReq-P', 'val': '0.00', 'currency': 'EUR', 'accountName': 'DUA998722'}
2025-05-13 06:08:34,562 - INFO - ANSWER updateAccountValue {'key': 'FundValue', 'val': '0.00', 'currency': 'BASE', 'accountName': 'DUA998722'}
2025-05-13 06:08:34,562 - INFO - ANSWER updateAccountValue {'key': 'FundValue', 'val': '0.00', 'currency': 'EUR', 'accountName': 'DUA998722'}
2025-05-13 06:08:34,562 - INFO - ANSWER updateAccountValue {'key': 'FundValue', 'val': '0.00', 'currency': 'USD', 'accountName': 'DUA998722'}
2025-05-13 06:08:34,562 - INFO - ANSWER updateAccountValue {'key': 'FutureOptionValue', 'val': '0.00', 'currency': 'BASE', 'accountName': 'DUA998722'}
2025-05-13 06:08:34,562 - INFO - ANSWER updateAccountValue {'key': 'FutureOptionValue', 'val': '0.00', 'currency': 'EUR', 'accountName': 'DUA998722'}
2025-05-13 06:08:34,562 - INFO - ANSWER updateAccountValue {'key': 'FutureOptionValue', 'val': '0.00', 'currency': 'USD', 'accountName': 'DUA998722'}
2025-05-13 06:08:34,562 - INFO - ANSWER updateAccountValue {'key': 'FuturesPNL', 'val': '0.00', 'currency': 'BASE', 'accountName': 'DUA998722'}
2025-05-13 06:08:34,563 - INFO - ANSWER updateAccountValue {'key': 'FuturesPNL', 'val': '0.00', 'currency': 'EUR', 'accountName': 'DUA998722'}
2025-05-13 06:08:34,563 - INFO - ANSWER updateAccountValue {'key': 'FuturesPNL', 'val': '0.00', 'currency': 'USD', 'accountName': 'DUA998722'}
2025-05-13 06:08:34,563 - INFO - ANSWER updateAccountValue {'key': 'FxCashBalance', 'val': '0.00', 'currency': 'BASE', 'accountName': 'DUA998722'}
2025-05-13 06:08:34,563 - INFO - ANSWER updateAccountValue {'key': 'FxCashBalance', 'val': '0.00', 'currency': 'EUR', 'accountName': 'DUA998722'}
2025-05-13 06:08:34,563 - INFO - ANSWER updateAccountValue {'key': 'FxCashBalance', 'val': '0.00', 'currency': 'USD', 'accountName': 'DUA998722'}
2025-05-13 06:08:34,564 - INFO - ANSWER updateAccountValue {'key': 'GrossPositionValue', 'val': '3878.40', 'currency': 'EUR', 'accountName': 'DUA998722'}
2025-05-13 06:08:34,564 - INFO - ANSWER updateAccountValue {'key': 'GrossPositionValue-P', 'val': '0.00', 'currency': 'EUR', 'accountName': 'DUA998722'}
2025-05-13 06:08:34,564 - INFO - ANSWER updateAccountValue {'key': 'Guarantee', 'val': '0.00', 'currency': 'EUR', 'accountName': 'DUA998722'}
2025-05-13 06:08:34,564 - INFO - ANSWER updateAccountValue {'key': 'Guarantee-P', 'val': '0.00', 'currency': 'EUR', 'accountName': 'DUA998722'}
2025-05-13 06:08:34,564 - INFO - ANSWER updateAccountValue {'key': 'IncentiveCoupons', 'val': '0.00', 'currency': 'EUR', 'accountName': 'DUA998722'}
2025-05-13 06:08:34,564 - INFO - ANSWER updateAccountValue {'key': 'IncentiveCoupons-P', 'val': '0.00', 'currency': 'EUR', 'accountName': 'DUA998722'}
2025-05-13 06:08:34,564 - INFO - ANSWER updateAccountValue {'key': 'IndianStockHaircut', 'val': '0.00', 'currency': 'EUR', 'accountName': 'DUA998722'}
2025-05-13 06:08:34,565 - INFO - ANSWER updateAccountValue {'key': 'IndianStockHaircut-P', 'val': '0.00', 'currency': 'EUR', 'accountName': 'DUA998722'}
2025-05-13 06:08:34,565 - INFO - ANSWER updateAccountValue {'key': 'InitMarginReq', 'val': '1778.65', 'currency': 'EUR', 'accountName': 'DUA998722'}
2025-05-13 06:08:34,565 - INFO - ANSWER updateAccountValue {'key': 'InitMarginReq-P', 'val': '0.00', 'currency': 'EUR', 'accountName': 'DUA998722'}
2025-05-13 06:08:34,565 - INFO - ANSWER updateAccountValue {'key': 'IssuerOptionValue', 'val': '0.00', 'currency': 'BASE', 'accountName': 'DUA998722'}
2025-05-13 06:08:34,565 - INFO - ANSWER updateAccountValue {'key': 'IssuerOptionValue', 'val': '0.00', 'currency': 'EUR', 'accountName': 'DUA998722'}
2025-05-13 06:08:34,565 - INFO - ANSWER updateAccountValue {'key': 'IssuerOptionValue', 'val': '0.00', 'currency': 'USD', 'accountName': 'DUA998722'}
2025-05-13 06:08:34,565 - INFO - ANSWER updateAccountValue {'key': 'Leverage-P', 'val': '0.00', 'currency': '', 'accountName': 'DUA998722'}
2025-05-13 06:08:34,565 - INFO - ANSWER updateAccountValue {'key': 'Leverage-S', 'val': '0.00', 'currency': '', 'accountName': 'DUA998722'}
2025-05-13 06:08:34,565 - INFO - ANSWER updateAccountValue {'key': 'LookAheadAvailableFunds', 'val': '1008870.34', 'currency': 'EUR', 'accountName': 'DUA998722'}
2025-05-13 06:08:34,566 - INFO - ANSWER updateAccountValue {'key': 'LookAheadAvailableFunds-P', 'val': '0.00', 'currency': 'EUR', 'accountName': 'DUA998722'}
2025-05-13 06:08:34,566 - INFO - ANSWER updateAccountValue {'key': 'LookAheadExcessLiquidity', 'val': '1009022.37', 'currency': 'EUR', 'accountName': 'DUA998722'}
2025-05-13 06:08:34,566 - INFO - ANSWER updateAccountValue {'key': 'LookAheadExcessLiquidity-P', 'val': '0.00', 'currency': 'EUR', 'accountName': 'DUA998722'}
2025-05-13 06:08:34,566 - INFO - ANSWER updateAccountValue {'key': 'LookAheadInitMarginReq', 'val': '1778.65', 'currency': 'EUR', 'accountName': 'DUA998722'}
2025-05-13 06:08:34,566 - INFO - ANSWER updateAccountValue {'key': 'LookAheadInitMarginReq-P', 'val': '0.00', 'currency': 'EUR', 'accountName': 'DUA998722'}
2025-05-13 06:08:34,566 - INFO - ANSWER updateAccountValue {'key': 'LookAheadMaintMarginReq', 'val': '1632.89', 'currency': 'EUR', 'accountName': 'DUA998722'}
2025-05-13 06:08:34,566 - INFO - ANSWER updateAccountValue {'key': 'LookAheadMaintMarginReq-P', 'val': '0.00', 'currency': 'EUR', 'accountName': 'DUA998722'}
2025-05-13 06:08:34,566 - INFO - ANSWER updateAccountValue {'key': 'LookAheadNextChange', 'val': '1747143000', 'currency': '', 'accountName': 'DUA998722'}
2025-05-13 06:08:34,566 - INFO - ANSWER updateAccountValue {'key': 'MaintMarginReq', 'val': '1632.89', 'currency': 'EUR', 'accountName': 'DUA998722'}
2025-05-13 06:08:34,567 - INFO - ANSWER updateAccountValue {'key': 'MaintMarginReq-P', 'val': '0.00', 'currency': 'EUR', 'accountName': 'DUA998722'}
2025-05-13 06:08:34,567 - INFO - ANSWER updateAccountValue {'key': 'MoneyMarketFundValue', 'val': '0.00', 'currency': 'BASE', 'accountName': 'DUA998722'}
2025-05-13 06:08:34,567 - INFO - ANSWER updateAccountValue {'key': 'MoneyMarketFundValue', 'val': '0.00', 'currency': 'EUR', 'accountName': 'DUA998722'}
2025-05-13 06:08:34,567 - INFO - ANSWER updateAccountValue {'key': 'MoneyMarketFundValue', 'val': '0.00', 'currency': 'USD', 'accountName': 'DUA998722'}
2025-05-13 06:08:34,567 - INFO - ANSWER updateAccountValue {'key': 'MutualFundValue', 'val': '0.00', 'currency': 'BASE', 'accountName': 'DUA998722'}
2025-05-13 06:08:34,567 - INFO - ANSWER updateAccountValue {'key': 'MutualFundValue', 'val': '0.00', 'currency': 'EUR', 'accountName': 'DUA998722'}
2025-05-13 06:08:34,567 - INFO - ANSWER updateAccountValue {'key': 'MutualFundValue', 'val': '0.00', 'currency': 'USD', 'accountName': 'DUA998722'}
2025-05-13 06:08:34,567 - INFO - ANSWER updateAccountValue {'key': 'NLVAndMarginInReview', 'val': 'false', 'currency': '', 'accountName': 'DUA998722'}
2025-05-13 06:08:34,567 - INFO - ANSWER updateAccountValue {'key': 'NetDividend', 'val': '0.00', 'currency': 'BASE', 'accountName': 'DUA998722'}
2025-05-13 06:08:34,567 - INFO - ANSWER updateAccountValue {'key': 'NetDividend', 'val': '0.00', 'currency': 'EUR', 'accountName': 'DUA998722'}
2025-05-13 06:08:34,567 - INFO - ANSWER updateAccountValue {'key': 'NetDividend', 'val': '0.00', 'currency': 'USD', 'accountName': 'DUA998722'}
2025-05-13 06:08:34,567 - INFO - ANSWER updateAccountValue {'key': 'NetLiquidation', 'val': '1010655.26', 'currency': 'EUR', 'accountName': 'DUA998722'}
2025-05-13 06:08:34,570 - INFO - ANSWER updateAccountValue {'key': 'NetLiquidation-P', 'val': '0.00', 'currency': 'EUR', 'accountName': 'DUA998722'}
2025-05-13 06:08:34,571 - INFO - ANSWER updateAccountValue {'key': 'NetLiquidationByCurrency', 'val': '1010655.2581', 'currency': 'BASE', 'accountName': 'DUA998722'}
2025-05-13 06:08:34,571 - INFO - ANSWER updateAccountValue {'key': 'NetLiquidationByCurrency', 'val': '1013331.78', 'currency': 'EUR', 'accountName': 'DUA998722'}
2025-05-13 06:08:34,571 - INFO - ANSWER updateAccountValue {'key': 'NetLiquidationByCurrency', 'val': '-2975.3286', 'currency': 'USD', 'accountName': 'DUA998722'}
2025-05-13 06:08:34,571 - INFO - ANSWER updateAccountValue {'key': 'NetLiquidationUncertainty', 'val': '6.27', 'currency': 'EUR', 'accountName': 'DUA998722'}
2025-05-13 06:08:34,571 - INFO - ANSWER updateAccountValue {'key': 'OptionMarketValue', 'val': '0.00', 'currency': 'BASE', 'accountName': 'DUA998722'}
2025-05-13 06:08:34,571 - INFO - ANSWER updateAccountValue {'key': 'OptionMarketValue', 'val': '0.00', 'currency': 'EUR', 'accountName': 'DUA998722'}
2025-05-13 06:08:34,571 - INFO - ANSWER updateAccountValue {'key': 'OptionMarketValue', 'val': '0.00', 'currency': 'USD', 'accountName': 'DUA998722'}
2025-05-13 06:08:34,571 - INFO - ANSWER updateAccountValue {'key': 'PASharesValue', 'val': '0.00', 'currency': 'EUR', 'accountName': 'DUA998722'}
2025-05-13 06:08:34,572 - INFO - ANSWER updateAccountValue {'key': 'PASharesValue-P', 'val': '0.00', 'currency': 'EUR', 'accountName': 'DUA998722'}
2025-05-13 06:08:34,572 - INFO - ANSWER updateAccountValue {'key': 'PhysicalCertificateValue', 'val': '0.00', 'currency': 'EUR', 'accountName': 'DUA998722'}
2025-05-13 06:08:34,572 - INFO - ANSWER updateAccountValue {'key': 'PhysicalCertificateValue-P', 'val': '0.00', 'currency': 'EUR', 'accountName': 'DUA998722'}
2025-05-13 06:08:34,572 - INFO - ANSWER updateAccountValue {'key': 'PostExpirationExcess', 'val': '0.00', 'currency': 'EUR', 'accountName': 'DUA998722'}
2025-05-13 06:08:34,572 - INFO - ANSWER updateAccountValue {'key': 'PostExpirationExcess-P', 'val': '0.00', 'currency': 'EUR', 'accountName': 'DUA998722'}
2025-05-13 06:08:34,572 - INFO - ANSWER updateAccountValue {'key': 'PostExpirationMargin', 'val': '0.00', 'currency': 'EUR', 'accountName': 'DUA998722'}
2025-05-13 06:08:34,573 - INFO - ANSWER updateAccountValue {'key': 'PostExpirationMargin-P', 'val': '0.00', 'currency': 'EUR', 'accountName': 'DUA998722'}
2025-05-13 06:08:34,573 - INFO - ANSWER updateAccountValue {'key': 'RealCurrency', 'val': 'BASE', 'currency': 'BASE', 'accountName': 'DUA998722'}
2025-05-13 06:08:34,573 - INFO - ANSWER updateAccountValue {'key': 'RealCurrency', 'val': 'EUR', 'currency': 'EUR', 'accountName': 'DUA998722'}
2025-05-13 06:08:34,573 - INFO - ANSWER updateAccountValue {'key': 'RealCurrency', 'val': 'USD', 'currency': 'USD', 'accountName': 'DUA998722'}
2025-05-13 06:08:34,573 - INFO - ANSWER updateAccountValue {'key': 'RealizedPnL', 'val': '0.00', 'currency': 'BASE', 'accountName': 'DUA998722'}
2025-05-13 06:08:34,573 - INFO - ANSWER updateAccountValue {'key': 'RealizedPnL', 'val': '0.00', 'currency': 'EUR', 'accountName': 'DUA998722'}
2025-05-13 06:08:34,573 - INFO - ANSWER updateAccountValue {'key': 'RealizedPnL', 'val': '0.00', 'currency': 'USD', 'accountName': 'DUA998722'}
2025-05-13 06:08:34,573 - INFO - ANSWER updateAccountValue {'key': 'SegmentTitle-P', 'val': 'Crypto at Paxos', 'currency': '', 'accountName': 'DUA998722'}
2025-05-13 06:08:34,573 - INFO - ANSWER updateAccountValue {'key': 'SegmentTitle-S', 'val': 'CFD', 'currency': '', 'accountName': 'DUA998722'}
2025-05-13 06:08:34,573 - INFO - ANSWER updateAccountValue {'key': 'StockMarketValue', 'val': '3878.40', 'currency': 'BASE', 'accountName': 'DUA998722'}
2025-05-13 06:08:34,573 - INFO - ANSWER updateAccountValue {'key': 'StockMarketValue', 'val': '0.00', 'currency': 'EUR', 'accountName': 'DUA998722'}
2025-05-13 06:08:34,573 - INFO - ANSWER updateAccountValue {'key': 'StockMarketValue', 'val': '4311.38', 'currency': 'USD', 'accountName': 'DUA998722'}
2025-05-13 06:08:34,573 - INFO - ANSWER updateAccountValue {'key': 'TBillValue', 'val': '0.00', 'currency': 'BASE', 'accountName': 'DUA998722'}
2025-05-13 06:08:34,573 - INFO - ANSWER updateAccountValue {'key': 'TBillValue', 'val': '0.00', 'currency': 'EUR', 'accountName': 'DUA998722'}
2025-05-13 06:08:34,573 - INFO - ANSWER updateAccountValue {'key': 'TBillValue', 'val': '0.00', 'currency': 'USD', 'accountName': 'DUA998722'}
2025-05-13 06:08:34,573 - INFO - ANSWER updateAccountValue {'key': 'TBondValue', 'val': '0.00', 'currency': 'BASE', 'accountName': 'DUA998722'}
2025-05-13 06:08:34,573 - INFO - ANSWER updateAccountValue {'key': 'TBondValue', 'val': '0.00', 'currency': 'EUR', 'accountName': 'DUA998722'}
2025-05-13 06:08:34,573 - INFO - ANSWER updateAccountValue {'key': 'TBondValue', 'val': '0.00', 'currency': 'USD', 'accountName': 'DUA998722'}
2025-05-13 06:08:34,573 - INFO - ANSWER updateAccountValue {'key': 'TotalCashBalance', 'val': '1006282.651', 'currency': 'BASE', 'accountName': 'DUA998722'}
2025-05-13 06:08:34,573 - INFO - ANSWER updateAccountValue {'key': 'TotalCashBalance', 'val': '1012837.57', 'currency': 'EUR', 'accountName': 'DUA998722'}
2025-05-13 06:08:34,573 - INFO - ANSWER updateAccountValue {'key': 'TotalCashBalance', 'val': '-7286.71', 'currency': 'USD', 'accountName': 'DUA998722'}
2025-05-13 06:08:34,573 - INFO - ANSWER updateAccountValue {'key': 'TotalCashValue', 'val': '1006282.65', 'currency': 'EUR', 'accountName': 'DUA998722'}
2025-05-13 06:08:34,573 - INFO - ANSWER updateAccountValue {'key': 'TotalCashValue-P', 'val': '0.00', 'currency': 'EUR', 'accountName': 'DUA998722'}
2025-05-13 06:08:34,573 - INFO - ANSWER updateAccountValue {'key': 'TotalDebitCardPendingCharges', 'val': '0.00', 'currency': 'EUR', 'accountName': 'DUA998722'}
2025-05-13 06:08:34,573 - INFO - ANSWER updateAccountValue {'key': 'TotalDebitCardPendingCharges-P', 'val': '0.00', 'currency': 'EUR', 'accountName': 'DUA998722'}
2025-05-13 06:08:34,573 - INFO - ANSWER updateAccountValue {'key': 'TradingType-S', 'val': 'STKNOPT', 'currency': '', 'accountName': 'DUA998722'}
2025-05-13 06:08:34,573 - INFO - ANSWER updateAccountValue {'key': 'UnrealizedPnL', 'val': '-321.02', 'currency': 'BASE', 'accountName': 'DUA998722'}
2025-05-13 06:08:34,574 - INFO - ANSWER updateAccountValue {'key': 'UnrealizedPnL', 'val': '0.00', 'currency': 'EUR', 'accountName': 'DUA998722'}
2025-05-13 06:08:34,574 - INFO - ANSWER updateAccountValue {'key': 'UnrealizedPnL', 'val': '-356.86', 'currency': 'USD', 'accountName': 'DUA998722'}
2025-05-13 06:08:34,574 - INFO - ANSWER updateAccountValue {'key': 'WarrantValue', 'val': '0.00', 'currency': 'BASE', 'accountName': 'DUA998722'}
2025-05-13 06:08:34,574 - INFO - ANSWER updateAccountValue {'key': 'WarrantValue', 'val': '0.00', 'currency': 'EUR', 'accountName': 'DUA998722'}
2025-05-13 06:08:34,574 - INFO - ANSWER updateAccountValue {'key': 'WarrantValue', 'val': '0.00', 'currency': 'USD', 'accountName': 'DUA998722'}
2025-05-13 06:08:34,574 - INFO - ANSWER updatePortfolio {'contract': 5652909856: 644574597,ABVC,STK,,0.0,0,,,NASDAQ,USD,ABVC,SCM,False,,combo:, 'position': 419.0, 'marketPrice': 1.35, 'marketValue': 565.65, 'averageCost': 1.2250351, 'unrealizedPNL': 52.36, 'realizedPNL': 0.0, 'accountName': 'DUA998722'}
2025-05-13 06:08:34,574 - INFO - ANSWER updateAccountTime {'timeStamp': '05:29'}
2025-05-13 06:08:34,574 - INFO - ANSWER updatePortfolio {'contract': 5652911872: 713217155,ASST,STK,,0.0,0,,,NASDAQ,USD,ASST,SCM,False,,combo:, 'position': 61.0, 'marketPrice': 6.65999985, 'marketValue': 406.26, 'averageCost': 8.14642785, 'unrealizedPNL': -90.67, 'realizedPNL': 0.0, 'accountName': 'DUA998722'}
2025-05-13 06:08:34,574 - INFO - ANSWER updateAccountTime {'timeStamp': '04:29'}
2025-05-13 06:08:34,574 - INFO - ANSWER updatePortfolio {'contract': 5652911824: 4535221,AWRE,STK,,0.0,0,,,NASDAQ,USD,AWRE,NMS,False,,combo:, 'position': 300.0, 'marketPrice': 1.67569005, 'marketValue': 502.71, 'averageCost': 1.755035, 'unrealizedPNL': -23.8, 'realizedPNL': 0.0, 'accountName': 'DUA998722'}
2025-05-13 06:08:34,574 - INFO - ANSWER updateAccountTime {'timeStamp': '05:29'}
2025-05-13 06:08:34,574 - INFO - ANSWER updatePortfolio {'contract': 5652911776: 681579639,BSGM,STK,,0.0,0,,,NASDAQ,USD,BSGM,SCM,False,,combo:, 'position': 272.0, 'marketPrice': 2.19000005, 'marketValue': 595.68, 'averageCost': 1.88503495, 'unrealizedPNL': 82.95, 'realizedPNL': 0.0, 'accountName': 'DUA998722'}
2025-05-13 06:08:34,574 - INFO - ANSWER updateAccountTime {'timeStamp': '05:29'}
2025-05-13 06:08:34,574 - INFO - ANSWER updatePortfolio {'contract': 5652911728: 43535584,CPSH,STK,,0.0,0,,,NASDAQ,USD,CPSH,SCM,False,,combo:, 'position': 268.0, 'marketPrice': 1.84993005, 'marketValue': 495.78, 'averageCost': 1.89503505, 'unrealizedPNL': -12.09, 'realizedPNL': 0.0, 'accountName': 'DUA998722'}
2025-05-13 06:08:34,574 - INFO - ANSWER updateAccountTime {'timeStamp': '05:32'}
2025-05-13 06:08:34,574 - INFO - ANSWER updatePortfolio {'contract': 5652911680: 14487922,HIHO,STK,,0.0,0,,,NASDAQ,USD,HIHO,SCM,False,,combo:, 'position': 200.0, 'marketPrice': 1.7701, 'marketValue': 354.02, 'averageCost': 1.835035, 'unrealizedPNL': -12.99, 'realizedPNL': 0.0, 'accountName': 'DUA998722'}
2025-05-13 06:08:34,574 - INFO - ANSWER updateAccountTime {'timeStamp': '05:29'}
2025-05-13 06:08:34,574 - INFO - ANSWER updatePortfolio {'contract': 5652911632: 725492228,JBDI,STK,,0.0,0,,,NASDAQ,USD,JBDI,SCM,False,,combo:, 'position': 388.0, 'marketPrice': 1.15, 'marketValue': 446.2, 'averageCost': 1.2973031, 'unrealizedPNL': -57.15, 'realizedPNL': 0.0, 'accountName': 'DUA998722'}
2025-05-13 06:08:34,574 - INFO - ANSWER updateAccountTime {'timeStamp': '05:26'}
2025-05-13 06:08:34,574 - INFO - ANSWER updatePortfolio {'contract': 5652911584: 662521562,JWEL,STK,,0.0,0,,,NASDAQ,USD,JWEL,SCM,False,,combo:, 'position': 100.0, 'marketPrice': 2.34833, 'marketValue': 234.83, 'averageCost': 2.290035, 'unrealizedPNL': 5.83, 'realizedPNL': 0.0, 'accountName': 'DUA998722'}
2025-05-13 06:08:34,575 - INFO - ANSWER updateAccountTime {'timeStamp': '05:26'}
2025-05-13 06:08:34,575 - INFO - ANSWER updatePortfolio {'contract': 5652911200: 689684505,LMFA,STK,,0.0,0,,,NASDAQ,USD,LMFA,SCM,False,,combo:, 'position': 255.0, 'marketPrice': 1.85, 'marketValue': 471.75, 'averageCost': 2.0050349, 'unrealizedPNL': -39.53, 'realizedPNL': 0.0, 'accountName': 'DUA998722'}
2025-05-13 06:08:34,575 - INFO - ANSWER updateAccountTime {'timeStamp': '04:29'}
2025-05-13 06:08:34,575 - INFO - ANSWER updatePortfolio {'contract': 5652911488: 728763124,NVVE,STK,,0.0,0,,,NASDAQ,USD,NVVE,SCM,False,,combo:, 'position': 159.0, 'marketPrice': 1.5, 'marketValue': 238.5, 'averageCost': 3.14632455, 'unrealizedPNL': -261.77, 'realizedPNL': 0.0, 'accountName': 'DUA998722'}
2025-05-13 06:08:34,575 - INFO - ANSWER updateAccountTime {'timeStamp': '05:29'}
2025-05-13 06:08:34,575 - INFO - ANSWER updateAccountTime {'timeStamp': '06:06'}
2025-05-13 06:08:34,575 - INFO - ANSWER accountDownloadEnd {'accountName': 'DUA998722'}
2025-05-13 06:08:34,690 - ERROR - IBKR Error 162: Mensaje de error de los servicios de datos de mercado históricos:Error: El escáner del mercado no está configurado para una de las ubicaciones seleccionadas.
2025-05-13 06:08:45,583 - INFO - ANSWER updateAccountValue {'key': 'EquityWithLoanValue', 'val': '1010648.62', 'currency': 'EUR', 'accountName': 'DUA998722'}
2025-05-13 06:08:45,584 - INFO - ANSWER updateAccountValue {'key': 'NetLiquidation', 'val': '1010654.88', 'currency': 'EUR', 'accountName': 'DUA998722'}
2025-05-13 06:08:45,584 - INFO - ANSWER updateAccountValue {'key': 'TotalCashValue', 'val': '1006281.73', 'currency': 'EUR', 'accountName': 'DUA998722'}
2025-05-13 06:08:45,585 - INFO - ANSWER updateAccountValue {'key': 'BuyingPower', 'val': '6725798.13', 'currency': 'EUR', 'accountName': 'DUA998722'}
2025-05-13 06:08:45,585 - INFO - ANSWER updateAccountValue {'key': 'GrossPositionValue', 'val': '3878.94', 'currency': 'EUR', 'accountName': 'DUA998722'}
2025-05-13 06:08:45,585 - INFO - ANSWER updateAccountValue {'key': 'InitMarginReq', 'val': '1778.90', 'currency': 'EUR', 'accountName': 'DUA998722'}
2025-05-13 06:08:45,585 - INFO - ANSWER updateAccountValue {'key': 'MaintMarginReq', 'val': '1633.12', 'currency': 'EUR', 'accountName': 'DUA998722'}
2025-05-13 06:08:45,585 - INFO - ANSWER updateAccountValue {'key': 'AvailableFunds', 'val': '1008869.72', 'currency': 'EUR', 'accountName': 'DUA998722'}
2025-05-13 06:08:45,585 - INFO - ANSWER updateAccountValue {'key': 'ExcessLiquidity', 'val': '1009021.77', 'currency': 'EUR', 'accountName': 'DUA998722'}
2025-05-13 06:08:45,586 - INFO - ANSWER updateAccountValue {'key': 'LookAheadInitMarginReq', 'val': '1778.90', 'currency': 'EUR', 'accountName': 'DUA998722'}
2025-05-13 06:08:45,586 - INFO - ANSWER updateAccountValue {'key': 'LookAheadMaintMarginReq', 'val': '1633.12', 'currency': 'EUR', 'accountName': 'DUA998722'}
2025-05-13 06:08:45,586 - INFO - ANSWER updateAccountValue {'key': 'LookAheadAvailableFunds', 'val': '1008869.72', 'currency': 'EUR', 'accountName': 'DUA998722'}
2025-05-13 06:08:45,586 - INFO - ANSWER updateAccountValue {'key': 'LookAheadExcessLiquidity', 'val': '1009021.77', 'currency': 'EUR', 'accountName': 'DUA998722'}
2025-05-13 06:08:45,586 - INFO - ANSWER updateAccountValue {'key': 'FullInitMarginReq', 'val': '1778.90', 'currency': 'EUR', 'accountName': 'DUA998722'}
2025-05-13 06:08:45,586 - INFO - ANSWER updateAccountValue {'key': 'FullMaintMarginReq', 'val': '1633.12', 'currency': 'EUR', 'accountName': 'DUA998722'}
2025-05-13 06:08:45,586 - INFO - ANSWER updateAccountValue {'key': 'FullAvailableFunds', 'val': '1008869.72', 'currency': 'EUR', 'accountName': 'DUA998722'}
2025-05-13 06:08:45,586 - INFO - ANSWER updateAccountValue {'key': 'FullExcessLiquidity', 'val': '1009021.77', 'currency': 'EUR', 'accountName': 'DUA998722'}
2025-05-13 06:08:45,586 - INFO - ANSWER updateAccountTime {'timeStamp': '06:08'}
2025-05-13 06:08:45,586 - INFO - ANSWER updateAccountTime {'timeStamp': '06:08'}
2025-05-13 06:08:45,622 - INFO - ANSWER updateAccountValue {'key': 'CashBalance', 'val': '1006281.7343', 'currency': 'BASE', 'accountName': 'DUA998722'}
2025-05-13 06:08:45,623 - INFO - ANSWER updateAccountValue {'key': 'TotalCashBalance', 'val': '1006281.7343', 'currency': 'BASE', 'accountName': 'DUA998722'}
2025-05-13 06:08:45,623 - INFO - ANSWER updateAccountValue {'key': 'StockMarketValue', 'val': '3878.94', 'currency': 'BASE', 'accountName': 'DUA998722'}
2025-05-13 06:08:45,623 - INFO - ANSWER updateAccountValue {'key': 'NetLiquidationByCurrency', 'val': '1010654.8838', 'currency': 'BASE', 'accountName': 'DUA998722'}
2025-05-13 06:08:45,623 - INFO - ANSWER updateAccountValue {'key': 'UnrealizedPnL', 'val': '-321.07', 'currency': 'BASE', 'accountName': 'DUA998722'}
2025-05-13 06:08:45,623 - INFO - ANSWER updateAccountTime {'timeStamp': '06:08'}
2025-05-13 06:08:45,623 - INFO - ANSWER updateAccountTime {'timeStamp': '06:08'}
2025-05-13 06:09:08,157 - WARNING - Deteniendo estrategia...
2025-05-13 06:09:08,158 - INFO - disconnecting
2025-05-13 06:09:08,158 - INFO - ANSWER connectionClosed {}
2025-05-13 13:53:14,396 - INFO - sent startApi
2025-05-13 13:53:14,396 - INFO - REQUEST startApi {}
2025-05-13 13:53:14,396 - INFO - SENDING startApi b'\x00\x00\x00\x0b71\x002\x009999\x00\x00'
2025-05-13 13:53:14,396 - INFO - ANSWER connectAck {}
2025-05-13 13:53:14,407 - INFO - ANSWER openOrderEnd {}
2025-05-13 13:53:14,410 - INFO - Conectado a IBKR. Next Order ID: 1
2025-05-13 13:53:14,410 - INFO - REQUEST reqAccountUpdates {'subscribe': True, 'acctCode': ''}
2025-05-13 13:53:14,410 - INFO - SENDING reqAccountUpdates b'\x00\x00\x00\x076\x002\x001\x00\x00'
2025-05-13 13:53:14,410 - INFO - Actualizando universo...
2025-05-13 13:53:14,411 - INFO - REQUEST reqScannerSubscription {'reqId': 1, 'subscription': 5915511120: Instrument: STK, LocationCode: STK.US.NASDAQ, ScanCode: HOT_BY_VOLUME, 'scannerSubscriptionOptions': [], 'scannerSubscriptionFilterOptions': []}
2025-05-13 13:53:14,411 - INFO - SENDING reqScannerSubscription b'\x00\x00\x00K22\x001\x00-1\x00STK\x00STK.US.NASDAQ\x00HOT_BY_VOLUME\x005\x0025\x00\x002000000000.0\x00\x00\x00\x00\x00\x00\x00\x00\x00\x000\x00\x00\x00\x00\x00\x00'
2025-05-13 13:53:14,412 - INFO - ANSWER managedAccounts {'accountsList': 'DUA998722'}
2025-05-13 13:53:14,412 - ERROR - IBKR Error 2158: La conexión de la granja de datos "sec-def" funciona correctamente:secdefeu
2025-05-13 13:53:14,432 - INFO - ANSWER updateAccountValue {'key': 'AccountCode', 'val': 'DUA998722', 'currency': '', 'accountName': 'DUA998722'}
2025-05-13 13:53:14,432 - INFO - ANSWER updateAccountValue {'key': 'AccountOrGroup', 'val': 'DUA998722', 'currency': 'BASE', 'accountName': 'DUA998722'}
2025-05-13 13:53:14,433 - INFO - ANSWER updateAccountValue {'key': 'AccountOrGroup', 'val': 'DUA998722', 'currency': 'EUR', 'accountName': 'DUA998722'}
2025-05-13 13:53:14,433 - INFO - ANSWER updateAccountValue {'key': 'AccountOrGroup', 'val': 'DUA998722', 'currency': 'USD', 'accountName': 'DUA998722'}
2025-05-13 13:53:14,433 - INFO - ANSWER updateAccountValue {'key': 'AccountReady', 'val': 'true', 'currency': '', 'accountName': 'DUA998722'}
2025-05-13 13:53:14,433 - INFO - ANSWER updateAccountValue {'key': 'AccountType', 'val': 'INDIVIDUAL', 'currency': '', 'accountName': 'DUA998722'}
2025-05-13 13:53:14,433 - INFO - ANSWER updateAccountValue {'key': 'AccruedCash', 'val': '494.21', 'currency': 'BASE', 'accountName': 'DUA998722'}
2025-05-13 13:53:14,433 - INFO - ANSWER updateAccountValue {'key': 'AccruedCash', 'val': '494.21', 'currency': 'EUR', 'accountName': 'DUA998722'}
2025-05-13 13:53:14,433 - INFO - ANSWER updateAccountValue {'key': 'AccruedCash', 'val': '0.00', 'currency': 'USD', 'accountName': 'DUA998722'}
2025-05-13 13:53:14,433 - INFO - ANSWER updateAccountValue {'key': 'AccruedCash-P', 'val': '0.00', 'currency': 'EUR', 'accountName': 'DUA998722'}
2025-05-13 13:53:14,434 - INFO - ANSWER updateAccountValue {'key': 'AccruedDividend', 'val': '0.00', 'currency': 'EUR', 'accountName': 'DUA998722'}
2025-05-13 13:53:14,434 - INFO - ANSWER updateAccountValue {'key': 'AccruedDividend-P', 'val': '0.00', 'currency': 'EUR', 'accountName': 'DUA998722'}
2025-05-13 13:53:14,434 - INFO - ANSWER updateAccountValue {'key': 'AvailableFunds', 'val': '1008917.40', 'currency': 'EUR', 'accountName': 'DUA998722'}
2025-05-13 13:53:14,434 - INFO - ANSWER updateAccountValue {'key': 'AvailableFunds-P', 'val': '0.00', 'currency': 'EUR', 'accountName': 'DUA998722'}
2025-05-13 13:53:14,434 - INFO - ANSWER updateAccountValue {'key': 'Billable', 'val': '0.00', 'currency': 'EUR', 'accountName': 'DUA998722'}
2025-05-13 13:53:14,434 - INFO - ANSWER updateAccountValue {'key': 'Billable-P', 'val': '0.00', 'currency': 'EUR', 'accountName': 'DUA998722'}
2025-05-13 13:53:14,435 - INFO - ANSWER updateAccountValue {'key': 'BuyingPower', 'val': '6726116.00', 'currency': 'EUR', 'accountName': 'DUA998722'}
2025-05-13 13:53:14,435 - INFO - ANSWER updateAccountValue {'key': 'CashBalance', 'val': '1006277.0727', 'currency': 'BASE', 'accountName': 'DUA998722'}
2025-05-13 13:53:14,435 - INFO - ANSWER updateAccountValue {'key': 'CashBalance', 'val': '1012837.57', 'currency': 'EUR', 'accountName': 'DUA998722'}
2025-05-13 13:53:14,435 - INFO - ANSWER updateAccountValue {'key': 'CashBalance', 'val': '-7286.71', 'currency': 'USD', 'accountName': 'DUA998722'}
2025-05-13 13:53:14,435 - INFO - ANSWER updateAccountValue {'key': 'ColumnPrio-P', 'val': '5', 'currency': '', 'accountName': 'DUA998722'}
2025-05-13 13:53:14,435 - INFO - ANSWER updateAccountValue {'key': 'ColumnPrio-S', 'val': '1', 'currency': '', 'accountName': 'DUA998722'}
2025-05-13 13:53:14,435 - INFO - ANSWER updateAccountValue {'key': 'CorporateBondValue', 'val': '0.00', 'currency': 'BASE', 'accountName': 'DUA998722'}
2025-05-13 13:53:14,436 - INFO - ANSWER updateAccountValue {'key': 'CorporateBondValue', 'val': '0.00', 'currency': 'EUR', 'accountName': 'DUA998722'}
2025-05-13 13:53:14,436 - INFO - ANSWER updateAccountValue {'key': 'CorporateBondValue', 'val': '0.00', 'currency': 'USD', 'accountName': 'DUA998722'}
2025-05-13 13:53:14,436 - INFO - ANSWER updateAccountValue {'key': 'Cryptocurrency', 'val': '0.00', 'currency': 'BASE', 'accountName': 'DUA998722'}
2025-05-13 13:53:14,436 - INFO - ANSWER updateAccountValue {'key': 'Cryptocurrency', 'val': '0.00', 'currency': 'EUR', 'accountName': 'DUA998722'}
2025-05-13 13:53:14,436 - INFO - ANSWER updateAccountValue {'key': 'Cryptocurrency', 'val': '0.00', 'currency': 'USD', 'accountName': 'DUA998722'}
2025-05-13 13:53:14,436 - INFO - ANSWER updateAccountValue {'key': 'Currency', 'val': 'BASE', 'currency': 'BASE', 'accountName': 'DUA998722'}
2025-05-13 13:53:14,437 - INFO - ANSWER updateAccountValue {'key': 'Currency', 'val': 'EUR', 'currency': 'EUR', 'accountName': 'DUA998722'}
2025-05-13 13:53:14,437 - INFO - ANSWER updateAccountValue {'key': 'Currency', 'val': 'USD', 'currency': 'USD', 'accountName': 'DUA998722'}
2025-05-13 13:53:14,437 - INFO - ANSWER updateAccountValue {'key': 'Cushion', 'val': '0.998422', 'currency': '', 'accountName': 'DUA998722'}
2025-05-13 13:53:14,437 - INFO - ANSWER updateAccountValue {'key': 'EquityWithLoanValue', 'val': '1010663.28', 'currency': 'EUR', 'accountName': 'DUA998722'}
2025-05-13 13:53:14,437 - INFO - ANSWER updateAccountValue {'key': 'EquityWithLoanValue-P', 'val': '0.00', 'currency': 'EUR', 'accountName': 'DUA998722'}
2025-05-13 13:53:14,437 - INFO - ANSWER updateAccountValue {'key': 'ExcessLiquidity', 'val': '1009070.57', 'currency': 'EUR', 'accountName': 'DUA998722'}
2025-05-13 13:53:14,437 - INFO - ANSWER updateAccountValue {'key': 'ExcessLiquidity-P', 'val': '0.00', 'currency': 'EUR', 'accountName': 'DUA998722'}
2025-05-13 13:53:14,437 - INFO - ANSWER updateAccountValue {'key': 'ExchangeRate', 'val': '1.00', 'currency': 'BASE', 'accountName': 'DUA998722'}
2025-05-13 13:53:14,438 - INFO - ANSWER updateAccountValue {'key': 'ExchangeRate', 'val': '1.00', 'currency': 'EUR', 'accountName': 'DUA998722'}
2025-05-13 13:53:14,438 - INFO - ANSWER updateAccountValue {'key': 'ExchangeRate', 'val': '0.9003374', 'currency': 'USD', 'accountName': 'DUA998722'}
2025-05-13 13:53:14,438 - INFO - ANSWER updateAccountValue {'key': 'FullAvailableFunds', 'val': '1008917.40', 'currency': 'EUR', 'accountName': 'DUA998722'}
2025-05-13 13:53:14,438 - INFO - ANSWER updateAccountValue {'key': 'FullAvailableFunds-P', 'val': '0.00', 'currency': 'EUR', 'accountName': 'DUA998722'}
2025-05-13 13:53:14,438 - INFO - ANSWER updateAccountValue {'key': 'FullExcessLiquidity', 'val': '1009070.57', 'currency': 'EUR', 'accountName': 'DUA998722'}
2025-05-13 13:53:14,438 - INFO - ANSWER updateAccountValue {'key': 'FullExcessLiquidity-P', 'val': '0.00', 'currency': 'EUR', 'accountName': 'DUA998722'}
2025-05-13 13:53:14,438 - INFO - ANSWER updateAccountValue {'key': 'FullInitMarginReq', 'val': '1745.88', 'currency': 'EUR', 'accountName': 'DUA998722'}
2025-05-13 13:53:14,439 - INFO - ANSWER updateAccountValue {'key': 'FullInitMarginReq-P', 'val': '0.00', 'currency': 'EUR', 'accountName': 'DUA998722'}
2025-05-13 13:53:14,439 - INFO - ANSWER updateAccountValue {'key': 'FullMaintMarginReq', 'val': '1594.43', 'currency': 'EUR', 'accountName': 'DUA998722'}
2025-05-13 13:53:14,439 - INFO - ANSWER updateAccountValue {'key': 'FullMaintMarginReq-P', 'val': '0.00', 'currency': 'EUR', 'accountName': 'DUA998722'}
2025-05-13 13:53:14,439 - INFO - ANSWER updateAccountValue {'key': 'FundValue', 'val': '0.00', 'currency': 'BASE', 'accountName': 'DUA998722'}
2025-05-13 13:53:14,439 - INFO - ANSWER updateAccountValue {'key': 'FundValue', 'val': '0.00', 'currency': 'EUR', 'accountName': 'DUA998722'}
2025-05-13 13:53:14,439 - INFO - ANSWER updateAccountValue {'key': 'FundValue', 'val': '0.00', 'currency': 'USD', 'accountName': 'DUA998722'}
2025-05-13 13:53:14,439 - INFO - ANSWER updateAccountValue {'key': 'FutureOptionValue', 'val': '0.00', 'currency': 'BASE', 'accountName': 'DUA998722'}
2025-05-13 13:53:14,439 - INFO - ANSWER updateAccountValue {'key': 'FutureOptionValue', 'val': '0.00', 'currency': 'EUR', 'accountName': 'DUA998722'}
2025-05-13 13:53:14,439 - INFO - ANSWER updateAccountValue {'key': 'FutureOptionValue', 'val': '0.00', 'currency': 'USD', 'accountName': 'DUA998722'}
2025-05-13 13:53:14,439 - INFO - ANSWER updateAccountValue {'key': 'FuturesPNL', 'val': '0.00', 'currency': 'BASE', 'accountName': 'DUA998722'}
2025-05-13 13:53:14,440 - INFO - ANSWER updateAccountValue {'key': 'FuturesPNL', 'val': '0.00', 'currency': 'EUR', 'accountName': 'DUA998722'}
2025-05-13 13:53:14,440 - INFO - ANSWER updateAccountValue {'key': 'FuturesPNL', 'val': '0.00', 'currency': 'USD', 'accountName': 'DUA998722'}
2025-05-13 13:53:14,440 - INFO - ANSWER updateAccountValue {'key': 'FxCashBalance', 'val': '0.00', 'currency': 'BASE', 'accountName': 'DUA998722'}
2025-05-13 13:53:14,440 - INFO - ANSWER updateAccountValue {'key': 'FxCashBalance', 'val': '0.00', 'currency': 'EUR', 'accountName': 'DUA998722'}
2025-05-13 13:53:14,440 - INFO - ANSWER updateAccountValue {'key': 'FxCashBalance', 'val': '0.00', 'currency': 'USD', 'accountName': 'DUA998722'}
2025-05-13 13:53:14,440 - INFO - ANSWER updateAccountValue {'key': 'GrossPositionValue', 'val': '3893.73', 'currency': 'EUR', 'accountName': 'DUA998722'}
2025-05-13 13:53:14,440 - INFO - ANSWER updateAccountValue {'key': 'GrossPositionValue-P', 'val': '0.00', 'currency': 'EUR', 'accountName': 'DUA998722'}
2025-05-13 13:53:14,440 - INFO - ANSWER updateAccountValue {'key': 'Guarantee', 'val': '0.00', 'currency': 'EUR', 'accountName': 'DUA998722'}
2025-05-13 13:53:14,440 - INFO - ANSWER updateAccountValue {'key': 'Guarantee-P', 'val': '0.00', 'currency': 'EUR', 'accountName': 'DUA998722'}
2025-05-13 13:53:14,440 - INFO - ANSWER updateAccountValue {'key': 'IncentiveCoupons', 'val': '0.00', 'currency': 'EUR', 'accountName': 'DUA998722'}
2025-05-13 13:53:14,440 - INFO - ANSWER updateAccountValue {'key': 'IncentiveCoupons-P', 'val': '0.00', 'currency': 'EUR', 'accountName': 'DUA998722'}
2025-05-13 13:53:14,440 - INFO - ANSWER updateAccountValue {'key': 'IndianStockHaircut', 'val': '0.00', 'currency': 'EUR', 'accountName': 'DUA998722'}
2025-05-13 13:53:14,440 - INFO - ANSWER updateAccountValue {'key': 'IndianStockHaircut-P', 'val': '0.00', 'currency': 'EUR', 'accountName': 'DUA998722'}
2025-05-13 13:53:14,440 - INFO - ANSWER updateAccountValue {'key': 'InitMarginReq', 'val': '1745.88', 'currency': 'EUR', 'accountName': 'DUA998722'}
2025-05-13 13:53:14,440 - INFO - ANSWER updateAccountValue {'key': 'InitMarginReq-P', 'val': '0.00', 'currency': 'EUR', 'accountName': 'DUA998722'}
2025-05-13 13:53:14,440 - INFO - ANSWER updateAccountValue {'key': 'IssuerOptionValue', 'val': '0.00', 'currency': 'BASE', 'accountName': 'DUA998722'}
2025-05-13 13:53:14,440 - INFO - ANSWER updateAccountValue {'key': 'IssuerOptionValue', 'val': '0.00', 'currency': 'EUR', 'accountName': 'DUA998722'}
2025-05-13 13:53:14,440 - INFO - ANSWER updateAccountValue {'key': 'IssuerOptionValue', 'val': '0.00', 'currency': 'USD', 'accountName': 'DUA998722'}
2025-05-13 13:53:14,440 - INFO - ANSWER updateAccountValue {'key': 'Leverage-P', 'val': '0.00', 'currency': '', 'accountName': 'DUA998722'}
2025-05-13 13:53:14,440 - INFO - ANSWER updateAccountValue {'key': 'Leverage-S', 'val': '0.00', 'currency': '', 'accountName': 'DUA998722'}
2025-05-13 13:53:14,440 - INFO - ANSWER updateAccountValue {'key': 'LookAheadAvailableFunds', 'val': '1008917.40', 'currency': 'EUR', 'accountName': 'DUA998722'}
2025-05-13 13:53:14,440 - INFO - ANSWER updateAccountValue {'key': 'LookAheadAvailableFunds-P', 'val': '0.00', 'currency': 'EUR', 'accountName': 'DUA998722'}
2025-05-13 13:53:14,440 - INFO - ANSWER updateAccountValue {'key': 'LookAheadExcessLiquidity', 'val': '1009070.57', 'currency': 'EUR', 'accountName': 'DUA998722'}
2025-05-13 13:53:14,440 - INFO - ANSWER updateAccountValue {'key': 'LookAheadExcessLiquidity-P', 'val': '0.00', 'currency': 'EUR', 'accountName': 'DUA998722'}
2025-05-13 13:53:14,440 - INFO - ANSWER updateAccountValue {'key': 'LookAheadInitMarginReq', 'val': '1745.88', 'currency': 'EUR', 'accountName': 'DUA998722'}
2025-05-13 13:53:14,440 - INFO - ANSWER updateAccountValue {'key': 'LookAheadInitMarginReq-P', 'val': '0.00', 'currency': 'EUR', 'accountName': 'DUA998722'}
2025-05-13 13:53:14,441 - INFO - ANSWER updateAccountValue {'key': 'LookAheadMaintMarginReq', 'val': '1594.43', 'currency': 'EUR', 'accountName': 'DUA998722'}
2025-05-13 13:53:14,441 - INFO - ANSWER updateAccountValue {'key': 'LookAheadMaintMarginReq-P', 'val': '0.00', 'currency': 'EUR', 'accountName': 'DUA998722'}
2025-05-13 13:53:14,441 - INFO - ANSWER updateAccountValue {'key': 'LookAheadNextChange', 'val': '1747143000', 'currency': '', 'accountName': 'DUA998722'}
2025-05-13 13:53:14,441 - INFO - ANSWER updateAccountValue {'key': 'MaintMarginReq', 'val': '1594.43', 'currency': 'EUR', 'accountName': 'DUA998722'}
2025-05-13 13:53:14,441 - INFO - ANSWER updateAccountValue {'key': 'MaintMarginReq-P', 'val': '0.00', 'currency': 'EUR', 'accountName': 'DUA998722'}
2025-05-13 13:53:14,441 - INFO - ANSWER updateAccountValue {'key': 'MoneyMarketFundValue', 'val': '0.00', 'currency': 'BASE', 'accountName': 'DUA998722'}
2025-05-13 13:53:14,441 - INFO - ANSWER updateAccountValue {'key': 'MoneyMarketFundValue', 'val': '0.00', 'currency': 'EUR', 'accountName': 'DUA998722'}
2025-05-13 13:53:14,441 - INFO - ANSWER updateAccountValue {'key': 'MoneyMarketFundValue', 'val': '0.00', 'currency': 'USD', 'accountName': 'DUA998722'}
2025-05-13 13:53:14,441 - INFO - ANSWER updateAccountValue {'key': 'MutualFundValue', 'val': '0.00', 'currency': 'BASE', 'accountName': 'DUA998722'}
2025-05-13 13:53:14,441 - INFO - ANSWER updateAccountValue {'key': 'MutualFundValue', 'val': '0.00', 'currency': 'EUR', 'accountName': 'DUA998722'}
2025-05-13 13:53:14,441 - INFO - ANSWER updateAccountValue {'key': 'MutualFundValue', 'val': '0.00', 'currency': 'USD', 'accountName': 'DUA998722'}
2025-05-13 13:53:14,441 - INFO - ANSWER updateAccountValue {'key': 'NLVAndMarginInReview', 'val': 'false', 'currency': '', 'accountName': 'DUA998722'}
2025-05-13 13:53:14,441 - INFO - ANSWER updateAccountValue {'key': 'NetDividend', 'val': '0.00', 'currency': 'BASE', 'accountName': 'DUA998722'}
2025-05-13 13:53:14,441 - INFO - ANSWER updateAccountValue {'key': 'NetDividend', 'val': '0.00', 'currency': 'EUR', 'accountName': 'DUA998722'}
2025-05-13 13:53:14,441 - INFO - ANSWER updateAccountValue {'key': 'NetDividend', 'val': '0.00', 'currency': 'USD', 'accountName': 'DUA998722'}
2025-05-13 13:53:14,441 - INFO - ANSWER updateAccountValue {'key': 'NetLiquidation', 'val': '1010665.01', 'currency': 'EUR', 'accountName': 'DUA998722'}
2025-05-13 13:53:14,441 - INFO - ANSWER updateAccountValue {'key': 'NetLiquidation-P', 'val': '0.00', 'currency': 'EUR', 'accountName': 'DUA998722'}
2025-05-13 13:53:14,441 - INFO - ANSWER updateAccountValue {'key': 'NetLiquidationByCurrency', 'val': '1010665.0078', 'currency': 'BASE', 'accountName': 'DUA998722'}
2025-05-13 13:53:14,441 - INFO - ANSWER updateAccountValue {'key': 'NetLiquidationByCurrency', 'val': '1013331.78', 'currency': 'EUR', 'accountName': 'DUA998722'}
2025-05-13 13:53:14,441 - INFO - ANSWER updateAccountValue {'key': 'NetLiquidationByCurrency', 'val': '-2961.9699', 'currency': 'USD', 'accountName': 'DUA998722'}
2025-05-13 13:53:14,441 - INFO - ANSWER updateAccountValue {'key': 'NetLiquidationUncertainty', 'val': '1.73', 'currency': 'EUR', 'accountName': 'DUA998722'}
2025-05-13 13:53:14,441 - INFO - ANSWER updateAccountValue {'key': 'OptionMarketValue', 'val': '0.00', 'currency': 'BASE', 'accountName': 'DUA998722'}
2025-05-13 13:53:14,441 - INFO - ANSWER updateAccountValue {'key': 'OptionMarketValue', 'val': '0.00', 'currency': 'EUR', 'accountName': 'DUA998722'}
2025-05-13 13:53:14,441 - INFO - ANSWER updateAccountValue {'key': 'OptionMarketValue', 'val': '0.00', 'currency': 'USD', 'accountName': 'DUA998722'}
2025-05-13 13:53:14,441 - INFO - ANSWER updateAccountValue {'key': 'PASharesValue', 'val': '0.00', 'currency': 'EUR', 'accountName': 'DUA998722'}
2025-05-13 13:53:14,441 - INFO - ANSWER updateAccountValue {'key': 'PASharesValue-P', 'val': '0.00', 'currency': 'EUR', 'accountName': 'DUA998722'}
2025-05-13 13:53:14,441 - INFO - ANSWER updateAccountValue {'key': 'PhysicalCertificateValue', 'val': '0.00', 'currency': 'EUR', 'accountName': 'DUA998722'}
2025-05-13 13:53:14,441 - INFO - ANSWER updateAccountValue {'key': 'PhysicalCertificateValue-P', 'val': '0.00', 'currency': 'EUR', 'accountName': 'DUA998722'}
2025-05-13 13:53:14,441 - INFO - ANSWER updateAccountValue {'key': 'PostExpirationExcess', 'val': '0.00', 'currency': 'EUR', 'accountName': 'DUA998722'}
2025-05-13 13:53:14,441 - INFO - ANSWER updateAccountValue {'key': 'PostExpirationExcess-P', 'val': '0.00', 'currency': 'EUR', 'accountName': 'DUA998722'}
2025-05-13 13:53:14,441 - INFO - ANSWER updateAccountValue {'key': 'PostExpirationMargin', 'val': '0.00', 'currency': 'EUR', 'accountName': 'DUA998722'}
2025-05-13 13:53:14,441 - INFO - ANSWER updateAccountValue {'key': 'PostExpirationMargin-P', 'val': '0.00', 'currency': 'EUR', 'accountName': 'DUA998722'}
2025-05-13 13:53:14,441 - INFO - ANSWER updateAccountValue {'key': 'RealCurrency', 'val': 'BASE', 'currency': 'BASE', 'accountName': 'DUA998722'}
2025-05-13 13:53:14,442 - INFO - ANSWER updateAccountValue {'key': 'RealCurrency', 'val': 'EUR', 'currency': 'EUR', 'accountName': 'DUA998722'}
2025-05-13 13:53:14,442 - INFO - ANSWER updateAccountValue {'key': 'RealCurrency', 'val': 'USD', 'currency': 'USD', 'accountName': 'DUA998722'}
2025-05-13 13:53:14,442 - INFO - ANSWER updateAccountValue {'key': 'RealizedPnL', 'val': '0.00', 'currency': 'BASE', 'accountName': 'DUA998722'}
2025-05-13 13:53:14,442 - INFO - ANSWER updateAccountValue {'key': 'RealizedPnL', 'val': '0.00', 'currency': 'EUR', 'accountName': 'DUA998722'}
2025-05-13 13:53:14,442 - INFO - ANSWER updateAccountValue {'key': 'RealizedPnL', 'val': '0.00', 'currency': 'USD', 'accountName': 'DUA998722'}
2025-05-13 13:53:14,442 - INFO - ANSWER updateAccountValue {'key': 'SegmentTitle-P', 'val': 'Crypto at Paxos', 'currency': '', 'accountName': 'DUA998722'}
2025-05-13 13:53:14,442 - INFO - ANSWER updateAccountValue {'key': 'SegmentTitle-S', 'val': 'CFD', 'currency': '', 'accountName': 'DUA998722'}
2025-05-13 13:53:14,442 - INFO - ANSWER updateAccountValue {'key': 'StockMarketValue', 'val': '3893.73', 'currency': 'BASE', 'accountName': 'DUA998722'}
2025-05-13 13:53:14,442 - INFO - ANSWER updateAccountValue {'key': 'StockMarketValue', 'val': '0.00', 'currency': 'EUR', 'accountName': 'DUA998722'}
2025-05-13 13:53:14,442 - INFO - ANSWER updateAccountValue {'key': 'StockMarketValue', 'val': '4324.74', 'currency': 'USD', 'accountName': 'DUA998722'}
2025-05-13 13:53:14,442 - INFO - ANSWER updateAccountValue {'key': 'TBillValue', 'val': '0.00', 'currency': 'BASE', 'accountName': 'DUA998722'}
2025-05-13 13:53:14,442 - INFO - ANSWER updateAccountValue {'key': 'TBillValue', 'val': '0.00', 'currency': 'EUR', 'accountName': 'DUA998722'}
2025-05-13 13:53:14,442 - INFO - ANSWER updateAccountValue {'key': 'TBillValue', 'val': '0.00', 'currency': 'USD', 'accountName': 'DUA998722'}
2025-05-13 13:53:14,442 - INFO - ANSWER updateAccountValue {'key': 'TBondValue', 'val': '0.00', 'currency': 'BASE', 'accountName': 'DUA998722'}
2025-05-13 13:53:14,442 - INFO - ANSWER updateAccountValue {'key': 'TBondValue', 'val': '0.00', 'currency': 'EUR', 'accountName': 'DUA998722'}
2025-05-13 13:53:14,442 - INFO - ANSWER updateAccountValue {'key': 'TBondValue', 'val': '0.00', 'currency': 'USD', 'accountName': 'DUA998722'}
2025-05-13 13:53:14,442 - INFO - ANSWER updateAccountValue {'key': 'TotalCashBalance', 'val': '1006277.0727', 'currency': 'BASE', 'accountName': 'DUA998722'}
2025-05-13 13:53:14,443 - INFO - ANSWER updateAccountValue {'key': 'TotalCashBalance', 'val': '1012837.57', 'currency': 'EUR', 'accountName': 'DUA998722'}
2025-05-13 13:53:14,443 - INFO - ANSWER updateAccountValue {'key': 'TotalCashBalance', 'val': '-7286.71', 'currency': 'USD', 'accountName': 'DUA998722'}
2025-05-13 13:53:14,443 - INFO - ANSWER updateAccountValue {'key': 'TotalCashValue', 'val': '1006277.07', 'currency': 'EUR', 'accountName': 'DUA998722'}
2025-05-13 13:53:14,445 - INFO - ANSWER updateAccountValue {'key': 'TotalCashValue-P', 'val': '0.00', 'currency': 'EUR', 'accountName': 'DUA998722'}
2025-05-13 13:53:14,445 - INFO - ANSWER updateAccountValue {'key': 'TotalDebitCardPendingCharges', 'val': '0.00', 'currency': 'EUR', 'accountName': 'DUA998722'}
2025-05-13 13:53:14,446 - INFO - ANSWER updateAccountValue {'key': 'TotalDebitCardPendingCharges-P', 'val': '0.00', 'currency': 'EUR', 'accountName': 'DUA998722'}
2025-05-13 13:53:14,446 - INFO - ANSWER updateAccountValue {'key': 'TradingType-S', 'val': 'STKNOPT', 'currency': '', 'accountName': 'DUA998722'}
2025-05-13 13:53:14,446 - INFO - ANSWER updateAccountValue {'key': 'UnrealizedPnL', 'val': '-309.27', 'currency': 'BASE', 'accountName': 'DUA998722'}
2025-05-13 13:53:14,446 - INFO - ANSWER updateAccountValue {'key': 'UnrealizedPnL', 'val': '0.00', 'currency': 'EUR', 'accountName': 'DUA998722'}
2025-05-13 13:53:14,446 - INFO - ANSWER updateAccountValue {'key': 'UnrealizedPnL', 'val': '-343.50', 'currency': 'USD', 'accountName': 'DUA998722'}
2025-05-13 13:53:14,446 - INFO - ANSWER updateAccountValue {'key': 'WarrantValue', 'val': '0.00', 'currency': 'BASE', 'accountName': 'DUA998722'}
2025-05-13 13:53:14,446 - INFO - ANSWER updateAccountValue {'key': 'WarrantValue', 'val': '0.00', 'currency': 'EUR', 'accountName': 'DUA998722'}
2025-05-13 13:53:14,446 - INFO - ANSWER updateAccountValue {'key': 'WarrantValue', 'val': '0.00', 'currency': 'USD', 'accountName': 'DUA998722'}
2025-05-13 13:53:14,447 - INFO - ANSWER updatePortfolio {'contract': 5916468496: 644574597,ABVC,STK,,0.0,0,,,NASDAQ,USD,ABVC,SCM,False,,combo:, 'position': 419.0, 'marketPrice': 1.35, 'marketValue': 565.65, 'averageCost': 1.2250351, 'unrealizedPNL': 52.36, 'realizedPNL': 0.0, 'accountName': 'DUA998722'}
2025-05-13 13:53:14,447 - INFO - ANSWER updateAccountTime {'timeStamp': '07:07'}
2025-05-13 13:53:14,447 - INFO - ANSWER updatePortfolio {'contract': 5916470464: 713217155,ASST,STK,,0.0,0,,,NASDAQ,USD,ASST,SCM,False,,combo:, 'position': 61.0, 'marketPrice': 6.8499999, 'marketValue': 417.85, 'averageCost': 8.14642785, 'unrealizedPNL': -79.08, 'realizedPNL': 0.0, 'accountName': 'DUA998722'}
2025-05-13 13:53:14,447 - INFO - ANSWER updateAccountTime {'timeStamp': '13:52'}
2025-05-13 13:53:14,447 - INFO - ANSWER updatePortfolio {'contract': 5916470416: 4535221,AWRE,STK,,0.0,0,,,NASDAQ,USD,AWRE,NMS,False,,combo:, 'position': 300.0, 'marketPrice': 1.67569005, 'marketValue': 502.71, 'averageCost': 1.755035, 'unrealizedPNL': -23.8, 'realizedPNL': 0.0, 'accountName': 'DUA998722'}
2025-05-13 13:53:14,447 - INFO - ANSWER updateAccountTime {'timeStamp': '07:07'}
2025-05-13 13:53:14,447 - INFO - ANSWER updatePortfolio {'contract': 5916470368: 681579639,BSGM,STK,,0.0,0,,,NASDAQ,USD,BSGM,SCM,False,,combo:, 'position': 272.0, 'marketPrice': 2.20000005, 'marketValue': 598.4, 'averageCost': 1.88503495, 'unrealizedPNL': 85.67, 'realizedPNL': 0.0, 'accountName': 'DUA998722'}
2025-05-13 13:53:14,447 - INFO - ANSWER updateAccountTime {'timeStamp': '13:13'}
2025-05-13 13:53:14,447 - INFO - ANSWER updatePortfolio {'contract': 5916470320: 43535584,CPSH,STK,,0.0,0,,,NASDAQ,USD,CPSH,SCM,False,,combo:, 'position': 268.0, 'marketPrice': 1.84000005, 'marketValue': 493.12, 'averageCost': 1.89503505, 'unrealizedPNL': -14.75, 'realizedPNL': 0.0, 'accountName': 'DUA998722'}
2025-05-13 13:53:14,447 - INFO - ANSWER updateAccountTime {'timeStamp': '12:13'}
2025-05-13 13:53:14,448 - INFO - ANSWER updatePortfolio {'contract': 5916470272: 14487922,HIHO,STK,,0.0,0,,,NASDAQ,USD,HIHO,SCM,False,,combo:, 'position': 200.0, 'marketPrice': 1.7701, 'marketValue': 354.02, 'averageCost': 1.835035, 'unrealizedPNL': -12.99, 'realizedPNL': 0.0, 'accountName': 'DUA998722'}
2025-05-13 13:53:14,448 - INFO - ANSWER updateAccountTime {'timeStamp': '07:07'}
2025-05-13 13:53:14,448 - INFO - ANSWER updatePortfolio {'contract': 5916469744: 725492228,JBDI,STK,,0.0,0,,,NASDAQ,USD,JBDI,SCM,False,,combo:, 'position': 388.0, 'marketPrice': 1.12, 'marketValue': 434.56, 'averageCost': 1.2973031, 'unrealizedPNL': -68.79, 'realizedPNL': 0.0, 'accountName': 'DUA998722'}
2025-05-13 13:53:14,448 - INFO - ANSWER updateAccountTime {'timeStamp': '13:52'}
2025-05-13 13:53:14,448 - INFO - ANSWER updatePortfolio {'contract': 5916469888: 662521562,JWEL,STK,,0.0,0,,,NASDAQ,USD,JWEL,SCM,False,,combo:, 'position': 100.0, 'marketPrice': 2.34833, 'marketValue': 234.83, 'averageCost': 2.290035, 'unrealizedPNL': 5.83, 'realizedPNL': 0.0, 'accountName': 'DUA998722'}
2025-05-13 13:53:14,448 - INFO - ANSWER updateAccountTime {'timeStamp': '07:07'}
2025-05-13 13:53:14,448 - INFO - ANSWER updatePortfolio {'contract': 5916468592: 689684505,LMFA,STK,,0.0,0,,,NASDAQ,USD,LMFA,SCM,False,,combo:, 'position': 255.0, 'marketPrice': 1.84000005, 'marketValue': 469.2, 'averageCost': 2.0050349, 'unrealizedPNL': -42.08, 'realizedPNL': 0.0, 'accountName': 'DUA998722'}
2025-05-13 13:53:14,448 - INFO - ANSWER updateAccountTime {'timeStamp': '13:22'}
2025-05-13 13:53:14,448 - INFO - ANSWER updatePortfolio {'contract': 5916468784: 728763124,NVVE,STK,,0.0,0,,,NASDAQ,USD,NVVE,SCM,False,,combo:, 'position': 159.0, 'marketPrice': 1.6, 'marketValue': 254.4, 'averageCost': 3.14632455, 'unrealizedPNL': -245.87, 'realizedPNL': 0.0, 'accountName': 'DUA998722'}
2025-05-13 13:53:14,449 - INFO - ANSWER updateAccountTime {'timeStamp': '13:49'}
2025-05-13 13:53:14,449 - INFO - ANSWER updateAccountTime {'timeStamp': '13:52'}
2025-05-13 13:53:14,449 - INFO - ANSWER accountDownloadEnd {'accountName': 'DUA998722'}
2025-05-13 13:53:14,668 - ERROR - IBKR Error 162: Mensaje de error de los servicios de datos de mercado históricos:Error: El escáner del mercado no está configurado para una de las ubicaciones seleccionadas.
2025-05-13 13:53:26,727 - WARNING - Deteniendo estrategia...
2025-05-13 13:53:26,728 - INFO - disconnecting
2025-05-13 13:53:26,728 - INFO - ANSWER connectionClosed {}
